CAGATTTTCATATTATGCAGAAAA	ab	1	True	0	14	0	1	0	0
CAGATTTTCATATTATGCAGAAAA	ab	2	True	0	12	0	0	0	0
AAAGCGGCACTTGTGAAGTGTTCC	ab	1	True	10	10	2	1	0	2
AAAGCGGCACTTGTGAAGTGTTCC	ab	2	True	10	10	2	0	0	2
